{"label":"sven","level":"info","message":"Connected to SQLite database successfully at path: D:\\Apps\\Viktor\\sven\\src\\logger\\database\\db\\DiscordMessages.db","timestamp":"2025-03-15T09:15:24.188Z"}
{"label":"sven","level":"info","message":"Database filled with fake data.","timestamp":"2025-03-15T09:15:24.191Z"}
{"label":"sven","level":"info","message":"Connected to SQLite database successfully at path: D:\\Apps\\Viktor\\sven\\src\\logger\\database\\db\\DiscordMessages.db","timestamp":"2025-03-15T09:16:31.536Z"}
{"label":"sven","level":"info","message":"Started refreshing application (/) commands.","timestamp":"2025-03-15T09:16:32.215Z"}
{"label":"sven","level":"info","message":"Successfully reloaded application (/) commands.","timestamp":"2025-03-15T09:16:32.410Z"}
{"label":"sven","level":"info","message":"Discord bot is ready! 🤖","timestamp":"2025-03-15T09:16:32.410Z"}
{"label":"sven","level":"info","message":"Connected to SQLite database successfully at path: D:\\Apps\\Viktor\\sven\\src\\logger\\database\\db\\DiscordMessages.db","timestamp":"2025-03-15T09:18:47.903Z"}
{"label":"sven","level":"info","message":"Started refreshing application (/) commands.","timestamp":"2025-03-15T09:18:48.539Z"}
{"label":"sven","level":"info","message":"Successfully reloaded application (/) commands.","timestamp":"2025-03-15T09:18:48.716Z"}
{"label":"sven","level":"info","message":"Discord bot is ready! 🤖","timestamp":"2025-03-15T09:18:48.716Z"}
{"label":"sven","level":"info","message":"Connected to SQLite database successfully at path: D:\\Apps\\Viktor\\sven\\src\\logger\\database\\db\\DiscordMessages.db","timestamp":"2025-03-15T09:21:12.129Z"}
{"label":"sven","level":"info","message":"Database filled with fake data.","timestamp":"2025-03-15T09:21:26.356Z"}
{"label":"sven","level":"info","message":"Connected to SQLite database successfully at path: D:\\Apps\\Viktor\\sven\\src\\logger\\database\\db\\DiscordMessages.db","timestamp":"2025-03-15T09:28:04.366Z"}
{"label":"sven","level":"info","message":"Started refreshing application (/) commands.","timestamp":"2025-03-15T09:28:05.068Z"}
{"label":"sven","level":"info","message":"Successfully reloaded application (/) commands.","timestamp":"2025-03-15T09:28:05.257Z"}
{"label":"sven","level":"info","message":"Discord bot is ready! 🤖","timestamp":"2025-03-15T09:28:05.257Z"}
{"label":"sven","level":"info","message":"Connected to SQLite database successfully at path: D:\\Apps\\Viktor\\sven\\src\\logger\\database\\db\\DiscordMessages.db","timestamp":"2025-03-15T09:28:18.017Z"}
{"label":"sven","level":"info","message":"Database filled with fake data.","timestamp":"2025-03-15T09:28:31.537Z"}
{"label":"sven","level":"info","message":"Connected to SQLite database successfully at path: D:\\Apps\\Viktor\\sven\\src\\logger\\database\\db\\DiscordMessages.db","timestamp":"2025-03-15T09:28:53.395Z"}
{"label":"sven","level":"info","message":"Connected to SQLite database successfully at path: D:\\Apps\\Viktor\\sven\\src\\logger\\database\\db\\DiscordMessages.db","timestamp":"2025-03-15T09:41:23.942Z"}
{"label":"sven","level":"info","message":"Started refreshing application (/) commands.","timestamp":"2025-03-15T09:41:24.572Z"}
{"label":"sven","level":"info","message":"Successfully reloaded application (/) commands.","timestamp":"2025-03-15T09:41:24.763Z"}
{"label":"sven","level":"info","message":"Discord bot is ready! 🤖","timestamp":"2025-03-15T09:41:24.763Z"}
{"label":"sven","level":"info","message":"Connected to SQLite database successfully at path: D:\\Apps\\Viktor\\sven\\src\\logger\\database\\db\\DiscordMessages.db","timestamp":"2025-03-15T09:46:26.837Z"}
{"label":"sven","level":"info","message":"Started refreshing application (/) commands.","timestamp":"2025-03-15T09:46:27.528Z"}
{"label":"sven","level":"info","message":"Successfully reloaded application (/) commands.","timestamp":"2025-03-15T09:46:27.713Z"}
{"label":"sven","level":"info","message":"Discord bot is ready! 🤖","timestamp":"2025-03-15T09:46:27.714Z"}
{"label":"sven","level":"info","message":"Connected to SQLite database successfully at path: D:\\Apps\\Viktor\\sven\\src\\logger\\database\\db\\DiscordMessages.db","timestamp":"2025-03-15T09:50:00.616Z"}
{"label":"sven","level":"info","message":"Started refreshing application (/) commands.","timestamp":"2025-03-15T09:50:01.347Z"}
{"label":"sven","level":"info","message":"Successfully reloaded application (/) commands.","timestamp":"2025-03-15T09:50:01.527Z"}
{"label":"sven","level":"info","message":"Discord bot is ready! 🤖","timestamp":"2025-03-15T09:50:01.527Z"}
{"label":"sven","level":"info","message":"Connected to SQLite database successfully at path: D:\\Apps\\Viktor\\sven\\src\\logger\\database\\db\\DiscordMessages.db","timestamp":"2025-03-15T09:53:12.043Z"}
{"label":"sven","level":"info","message":"Started refreshing application (/) commands.","timestamp":"2025-03-15T09:53:12.841Z"}
{"label":"sven","level":"info","message":"Successfully reloaded application (/) commands.","timestamp":"2025-03-15T09:53:13.055Z"}
{"label":"sven","level":"info","message":"Discord bot is ready! 🤖","timestamp":"2025-03-15T09:53:13.056Z"}
{"label":"sven","level":"info","message":"Connected to SQLite database successfully at path: D:\\Apps\\Viktor\\sven\\src\\logger\\database\\db\\DiscordMessages.db","timestamp":"2025-03-15T09:58:31.815Z"}
{"label":"sven","level":"info","message":"Started refreshing application (/) commands.","timestamp":"2025-03-15T09:58:32.445Z"}
{"label":"sven","level":"info","message":"Successfully reloaded application (/) commands.","timestamp":"2025-03-15T09:58:32.627Z"}
{"label":"sven","level":"info","message":"Discord bot is ready! 🤖","timestamp":"2025-03-15T09:58:32.628Z"}
{"label":"sven","level":"info","message":"Connected to SQLite database successfully at path: D:\\Apps\\Viktor\\sven\\src\\logger\\database\\db\\DiscordMessages.db","timestamp":"2025-03-15T09:59:16.590Z"}
{"label":"sven","level":"info","message":"Started refreshing application (/) commands.","timestamp":"2025-03-15T09:59:17.176Z"}
{"label":"sven","level":"info","message":"Successfully reloaded application (/) commands.","timestamp":"2025-03-15T09:59:17.373Z"}
{"label":"sven","level":"info","message":"Discord bot is ready! 🤖","timestamp":"2025-03-15T09:59:17.375Z"}
{"label":"sven","level":"info","message":"Connected to SQLite database successfully at path: D:\\Apps\\Viktor\\sven\\src\\logger\\database\\db\\DiscordMessages.db","timestamp":"2025-03-15T10:00:11.623Z"}
{"label":"sven","level":"info","message":"Started refreshing application (/) commands.","timestamp":"2025-03-15T10:00:12.434Z"}
{"label":"sven","level":"info","message":"Successfully reloaded application (/) commands.","timestamp":"2025-03-15T10:00:12.698Z"}
{"label":"sven","level":"info","message":"Discord bot is ready! 🤖","timestamp":"2025-03-15T10:00:12.699Z"}
{"label":"sven","level":"info","message":"Connected to SQLite database successfully at path: D:\\Apps\\Viktor\\sven\\src\\logger\\database\\db\\DiscordMessages.db","timestamp":"2025-03-15T10:01:15.902Z"}
{"label":"sven","level":"info","message":"Started refreshing application (/) commands.","timestamp":"2025-03-15T10:01:16.575Z"}
{"label":"sven","level":"info","message":"Successfully reloaded application (/) commands.","timestamp":"2025-03-15T10:01:16.750Z"}
{"label":"sven","level":"info","message":"Discord bot is ready! 🤖","timestamp":"2025-03-15T10:01:16.750Z"}
{"label":"sven","level":"info","message":"Connected to SQLite database successfully at path: D:\\Apps\\Viktor\\sven\\src\\logger\\database\\db\\DiscordMessages.db","timestamp":"2025-03-15T10:10:27.688Z"}
{"label":"sven","level":"info","message":"Database filled with fake data.","timestamp":"2025-03-15T10:10:40.720Z"}
{"label":"sven","level":"info","message":"Connected to SQLite database successfully at path: D:\\Apps\\Viktor\\sven\\src\\logger\\database\\db\\DiscordMessages.db","timestamp":"2025-03-15T10:20:34.109Z"}
{"label":"sven","level":"info","message":"Started refreshing application (/) commands.","timestamp":"2025-03-15T10:20:34.679Z"}
{"label":"sven","level":"info","message":"Successfully reloaded application (/) commands.","timestamp":"2025-03-15T10:20:34.864Z"}
{"label":"sven","level":"info","message":"Discord bot is ready! 🤖","timestamp":"2025-03-15T10:20:34.865Z"}
{"label":"sven","level":"info","message":"Connected to SQLite database successfully at path: D:\\Apps\\Viktor\\sven\\src\\logger\\database\\db\\DiscordMessages.db","timestamp":"2025-03-15T10:20:45.469Z"}
{"label":"sven","level":"info","message":"Database filled with fake data.","timestamp":"2025-03-15T10:21:14.847Z"}
{"label":"sven","level":"info","message":"Connected to SQLite database successfully at path: D:\\Apps\\Viktor\\sven\\src\\logger\\database\\db\\DiscordMessages.db","timestamp":"2025-03-15T10:25:31.080Z"}
{"label":"sven","level":"info","message":"Started refreshing application (/) commands.","timestamp":"2025-03-15T10:25:31.856Z"}
{"label":"sven","level":"info","message":"Successfully reloaded application (/) commands.","timestamp":"2025-03-15T10:25:32.055Z"}
{"label":"sven","level":"info","message":"Discord bot is ready! 🤖","timestamp":"2025-03-15T10:25:32.057Z"}
{"label":"sven","level":"info","message":"Connected to SQLite database successfully at path: D:\\Apps\\Viktor\\sven\\src\\logger\\database\\db\\DiscordMessages.db","timestamp":"2025-03-15T10:28:32.447Z"}
{"label":"sven","level":"info","message":"Database filled with fake data.","timestamp":"2025-03-15T10:28:45.746Z"}
{"label":"sven","level":"info","message":"Connected to SQLite database successfully at path: D:\\Apps\\Viktor\\sven\\src\\logger\\database\\db\\DiscordMessages.db","timestamp":"2025-03-15T10:29:21.563Z"}
{"label":"sven","level":"info","message":"Started refreshing application (/) commands.","timestamp":"2025-03-15T10:29:22.096Z"}
{"label":"sven","level":"info","message":"Successfully reloaded application (/) commands.","timestamp":"2025-03-15T10:29:22.340Z"}
{"label":"sven","level":"info","message":"Discord bot is ready! 🤖","timestamp":"2025-03-15T10:29:22.341Z"}
{"label":"sven","level":"info","message":"Connected to SQLite database successfully at path: D:\\Apps\\Viktor\\sven\\src\\logger\\database\\db\\DiscordMessages.db","timestamp":"2025-03-15T10:30:22.432Z"}
{"label":"sven","level":"info","message":"Database filled with fake data.","timestamp":"2025-03-15T10:30:35.517Z"}
{"label":"sven","level":"info","message":"Connected to SQLite database successfully at path: D:\\Apps\\Viktor\\sven\\src\\logger\\database\\db\\DiscordMessages.db","timestamp":"2025-03-15T10:30:57.822Z"}
{"label":"sven","level":"info","message":"Connected to SQLite database successfully at path: D:\\Apps\\Viktor\\sven\\src\\logger\\database\\db\\DiscordMessages.db","timestamp":"2025-03-15T10:31:43.108Z"}
{"label":"sven","level":"info","message":"Database filled with fake data.","timestamp":"2025-03-15T10:31:56.683Z"}
{"label":"sven","level":"info","message":"Connected to SQLite database successfully at path: D:\\Apps\\Viktor\\sven\\src\\logger\\database\\db\\DiscordMessages.db","timestamp":"2025-03-15T10:32:18.452Z"}
