{"label":"sven","level":"info","message":"Connected to SQLite database successfully at path: D:\\Apps\\Viktor\\sven\\src\\logger\\database\\db\\DiscordMessages.db","timestamp":"2025-03-13T15:03:25.173Z"}
{"label":"sven","level":"info","message":"Started refreshing application (/) commands.","timestamp":"2025-03-13T15:03:25.918Z"}
{"label":"sven","level":"info","message":"Successfully reloaded application (/) commands.","timestamp":"2025-03-13T15:03:26.154Z"}
{"label":"sven","level":"info","message":"Discord bot is ready! 🤖","timestamp":"2025-03-13T15:03:26.155Z"}
{"label":"sven","level":"info","message":"Connected to SQLite database successfully at path: D:\\Apps\\Viktor\\sven\\src\\logger\\database\\db\\DiscordMessages.db","timestamp":"2025-03-13T15:03:45.460Z"}
{"label":"sven","level":"info","message":"Started refreshing application (/) commands.","timestamp":"2025-03-13T15:03:46.066Z"}
{"label":"sven","level":"info","message":"Successfully reloaded application (/) commands.","timestamp":"2025-03-13T15:03:46.266Z"}
{"label":"sven","level":"info","message":"Discord bot is ready! 🤖","timestamp":"2025-03-13T15:03:46.267Z"}
{"label":"sven","level":"info","message":"Connected to SQLite database successfully at path: D:\\Apps\\Viktor\\sven\\src\\logger\\database\\db\\DiscordMessages.db","timestamp":"2025-03-13T15:03:59.522Z"}
{"label":"sven","level":"info","message":"Started refreshing application (/) commands.","timestamp":"2025-03-13T15:04:00.135Z"}
{"label":"sven","level":"info","message":"Successfully reloaded application (/) commands.","timestamp":"2025-03-13T15:04:00.327Z"}
{"label":"sven","level":"info","message":"Discord bot is ready! 🤖","timestamp":"2025-03-13T15:04:00.328Z"}
{"label":"sven","level":"info","message":"Connected to SQLite database successfully at path: D:\\Apps\\Viktor\\sven\\src\\logger\\database\\db\\DiscordMessages.db","timestamp":"2025-03-13T15:04:27.695Z"}
{"label":"sven","level":"info","message":"Started refreshing application (/) commands.","timestamp":"2025-03-13T15:04:28.366Z"}
{"label":"sven","level":"info","message":"Successfully reloaded application (/) commands.","timestamp":"2025-03-13T15:04:28.547Z"}
{"label":"sven","level":"info","message":"Discord bot is ready! 🤖","timestamp":"2025-03-13T15:04:28.547Z"}
{"label":"sven","level":"info","message":"Author added to the database!","timestamp":"2025-03-13T15:04:41.276Z","username":"Szankovszky Dávid"}
{"label":"sven","level":"info","message":"Message logged by user: Szankovszky Dávid","timestamp":"2025-03-13T15:04:41.439Z"}
{"label":"sven","level":"info","message":"Connected to SQLite database successfully at path: D:\\Apps\\Viktor\\sven\\src\\logger\\database\\db\\DiscordMessages.db","timestamp":"2025-03-13T15:07:07.223Z"}
{"label":"sven","level":"info","message":"Started refreshing application (/) commands.","timestamp":"2025-03-13T15:07:07.914Z"}
{"label":"sven","level":"info","message":"Successfully reloaded application (/) commands.","timestamp":"2025-03-13T15:07:08.138Z"}
{"label":"sven","level":"info","message":"Discord bot is ready! 🤖","timestamp":"2025-03-13T15:07:08.139Z"}
{"label":"sven","level":"info","message":"Connected to SQLite database successfully at path: D:\\Apps\\Viktor\\sven\\src\\logger\\database\\db\\DiscordMessages.db","timestamp":"2025-03-13T15:07:25.284Z"}
{"label":"sven","level":"info","message":"Started refreshing application (/) commands.","timestamp":"2025-03-13T15:07:25.840Z"}
{"label":"sven","level":"info","message":"Successfully reloaded application (/) commands.","timestamp":"2025-03-13T15:07:26.029Z"}
{"label":"sven","level":"info","message":"Discord bot is ready! 🤖","timestamp":"2025-03-13T15:07:26.030Z"}
